
> @prc/collections@1.0.0 build
> npm run build:blocks && npm run build:inspector-panel


> @prc/collections@1.0.0 build:blocks
> wp-scripts build --experimental-modules --webpack-copy-php && wp-scripts build-blocks-manifest

assets by path collection-kicker/ 7.68 KiB
  assets by chunk 2.63 KiB (name: collection-kicker/index) 4 assets
  assets by chunk 932 bytes (id hint: style)
    asset collection-kicker/style-index-rtl.css 467 bytes [emitted] (name: collection-kicker/style-index) (id hint: style)
    asset collection-kicker/style-index.css 465 bytes [emitted] (name: collection-kicker/style-index) (id hint: style)
  asset collection-kicker/class-collection-kicker.php 3.46 KiB [emitted] [from: src/collection-kicker/class-collection-kicker.php] [copied]
  asset collection-kicker/block.json 696 bytes [emitted] [from: src/collection-kicker/block.json] [copied]
assets by path fact-sheet-collection/ 25.1 KiB
  assets by path fact-sheet-collection/*.php 10.5 KiB 2 assets
  assets by path fact-sheet-collection/*.css 5.98 KiB
    asset fact-sheet-collection/style-index-rtl.css 2.99 KiB [emitted] (name: fact-sheet-collection/style-index) (id hint: style)
    asset fact-sheet-collection/style-index.css 2.99 KiB [emitted] (name: fact-sheet-collection/style-index) (id hint: style)
  asset fact-sheet-collection/index.js 6.77 KiB [emitted] [minimized] (name: fact-sheet-collection/index)
  asset fact-sheet-collection/block.json 1.84 KiB [emitted] [from: src/fact-sheet-collection/block.json] [copied]
Entrypoint collection-kicker/index 3.54 KiB = 6 assets
Entrypoint fact-sheet-collection/index 13 KiB = fact-sheet-collection/style-index.css 2.99 KiB fact-sheet-collection/style-index-rtl.css 2.99 KiB fact-sheet-collection/index.js 6.77 KiB fact-sheet-collection/index.asset.php 263 bytes
orphan modules 20.5 KiB (javascript) 2.75 KiB (runtime) [orphan] 42 modules
runtime modules 5.57 KiB 8 modules
built modules 15.3 KiB (javascript) 3.59 KiB (css/mini-extract) [built]
  modules by path ./src/collection-kicker/ 2.62 KiB (javascript) 617 bytes (css/mini-extract)
    ./src/collection-kicker/index.js + 9 modules 2.62 KiB [not cacheable] [built] [code generated]
    css ../../node_modules/css-loader/dist/cjs.js??ruleSet[1].rules[3].use[1]!../../node_modules/postcss-loader/dist/cjs.js??ruleSet[1].rules[3].use[2]!../../node_modules/sass-loader/dist/cjs.js??ruleSet[1].rules[3].use[3]!./src/collection-kicker/style.scss 464 bytes [built] [code generated]
    css ../../node_modules/css-loader/dist/cjs.js??ruleSet[1].rules[3].use[1]!../../node_modules/postcss-loader/dist/cjs.js??ruleSet[1].rules[3].use[2]!../../node_modules/sass-loader/dist/cjs.js??ruleSet[1].rules[3].use[3]!./src/collection-kicker/editor.scss 153 bytes [built] [code generated]
  modules by path ./src/fact-sheet-collection/ 12.7 KiB (javascript) 2.99 KiB (css/mini-extract)
    ./src/fact-sheet-collection/index.js + 18 modules 12.7 KiB [not cacheable] [built] [code generated]
    css ../../node_modules/css-loader/dist/cjs.js??ruleSet[1].rules[3].use[1]!../../node_modules/postcss-loader/dist/cjs.js??ruleSet[1].rules[3].use[2]!../../node_modules/sass-loader/dist/cjs.js??ruleSet[1].rules[3].use[3]!./src/fact-sheet-collection/style.scss 2.99 KiB [built] [code generated]
webpack 5.106.2 compiled successfully in 3476 ms

webpack 5.106.2 compiled successfully in 72 ms
Block metadata PHP file generated at: build/blocks-manifest.php

> @prc/collections@1.0.0 build:inspector-panel
> wp-scripts build --source-path=includes/inspector-sidebar-panel/src --output-path=includes/inspector-sidebar-panel/build

asset index.js 6.63 KiB [emitted] [minimized] (name: index)
asset index.asset.php 250 bytes [emitted] (name: index)
Entrypoint index 6.87 KiB = index.js 6.63 KiB index.asset.php 250 bytes
orphan modules 238 KiB [orphan] 333 modules
./includes/inspector-sidebar-panel/src/index.js + 14 modules 14 KiB [not cacheable] [built] [code generated]
webpack 5.106.2 compiled successfully in 5199 ms
